========== triangle-example started at Tue May 19 17:46:56 JST 2026 ==========

Cloning triangle-example...
Cloning into 'triangle-example'...
error: pathspec 'tags/8' did not match any file(s) known to git

Processing triangle-example (Java 8)...
----------------------------------------
JAVA_HOME=/usr/lib/jvm/java-8-openjdk-amd64
Using Java 8:
openjdk version "1.8.0_482"
OpenJDK Runtime Environment (build 1.8.0_482-8u482-ga~us1-0ubuntu1~24.04-b08)
OpenJDK 64-Bit Server VM (build 25.482-b08, mixed mode)
----------------------------------------
python3 ../../MediumDarwin.py -m --all --build-command "mvn,compile" -q -t . -p ./src/main/java

        __       __                  __  __                          _______                                     __
       |  \     /  \                |  \|  \                        |       \                                   |  \
       | $$\   /  $$  ______    ____| $$ \$$ __    __  ______ ____  | $$$$$$$\  ______    ______   __   __   __  \$$ _______
       | $$$\ /  $$$ /      \  /      $$|  \|  \  |  \|      \    \ | $$  | $$ |      \  /      \ |  \ |  \ |  \|  \|       \
       | $$$$\  $$$$|  $$$$$$\|  $$$$$$$| $$| $$  | $$| $$$$$$\$$$$\| $$  | $$  \$$$$$$\|  $$$$$$\| $$ | $$ | $$| $$| $$$$$$$\
       | $$\$$ $$ $$| $$    $$| $$  | $$| $$| $$  | $$| $$ | $$ | $$| $$  | $$ /      $$| $$   \$$| $$ | $$ | $$| $$| $$  | $$
       | $$ \$$$| $$| $$$$$$$$| $$__| $$| $$| $$__/ $$| $$ | $$ | $$| $$__/ $$|  $$$$$$$| $$      | $$_/ $$_/ $$| $$| $$  | $$
       | $$  \$ | $$ \$$     \ \$$    $$| $$ \$$    $$| $$ | $$ | $$| $$    $$ \$$    $$| $$       \$$   $$   $$| $$| $$  | $$
        \$$      \$$  \$$$$$$$  \$$$$$$$ \$$  \$$$$$$  \$$  \$$  \$$ \$$$$$$$   \$$$$$$$ \$$        \$$$$$\$$$$  \$$ \$$   \$$

       Copyright (c) 2014 2022 Ali Parsai
       Copyright (c) 2025      MediumDarwin Contributors

       This project builds upon the original work of Ali Parsai and the LittleDarwin mutation testing framework.
       We gratefully acknowledge his foundational contributions, which made this extended version possible.

       This program is free software: you can redistribute it and/or modify it under the terms of the GNU
       General Public License as published by the Free Software Foundation, version 3  of the License, or
       (at your option) any later version.

       This program is distributed in the hope that it will be useful, but WITHOUT ANY WARRANTY; without even the implied
       warranty of MERCHANTABILITY or FITNESS FOR A PARTICULAR PURPOSE. See the  GNU General Public License for more details.

       You should have received a copy of the GNU General Public License along with this program.
       If not, see <https://www.gnu.org/licenses/>.

       Original author:
       Ali Parsai — https://www.parsai.net/
        

        __       __                  __  __                          _______                                     __            
       |  \     /  \                |  \|  \                        |       \                                   |  \           
       | $$\   /  $$  ______    ____| $$ \$$ __    __  ______ ____  | $$$$$$$\  ______    ______   __   __   __  \$$ _______   
       | $$$\ /  $$$ /      \  /      $$|  \|  \  |  \|      \    \ | $$  | $$ |      \  /      \ |  \ |  \ |  \|  \|       \  
       | $$$$\  $$$$|  $$$$$$\|  $$$$$$$| $$| $$  | $$| $$$$$$\$$$$\| $$  | $$  \$$$$$$\|  $$$$$$\| $$ | $$ | $$| $$| $$$$$$$\ 
       | $$\$$ $$ $$| $$    $$| $$  | $$| $$| $$  | $$| $$ | $$ | $$| $$  | $$ /      $$| $$   \$$| $$ | $$ | $$| $$| $$  | $$ 
       | $$ \$$$| $$| $$$$$$$$| $$__| $$| $$| $$__/ $$| $$ | $$ | $$| $$__/ $$|  $$$$$$$| $$      | $$_/ $$_/ $$| $$| $$  | $$ 
       | $$  \$ | $$ \$$     \ \$$    $$| $$ \$$    $$| $$ | $$ | $$| $$    $$ \$$    $$| $$       \$$   $$   $$| $$| $$  | $$ 
        \$$      \$$  \$$$$$$$  \$$$$$$$ \$$  \$$$$$$  \$$  \$$  \$$ \$$$$$$$   \$$$$$$$ \$$        \$$$$$\$$$$  \$$ \$$   \$$ 
                                                                                                                            
       Copyright (c) 2014 2022 Ali Parsai                                                                                      
       Copyright (c) 2025      MediumDarwin Contributors                                                                       
                                                                                                                            
       This project builds upon the original work of Ali Parsai and the LittleDarwin mutation testing framework.               
       We gratefully acknowledge his foundational contributions, which made this extended version possible.                    
                                                                                                                                
       This program is free software: you can redistribute it and/or modify it under the terms of the GNU                      
       General Public License as published by the Free Software Foundation, version 3  of the License, or                      
       (at your option) any later version.                                                                                     
                                                                                                                            
       This program is distributed in the hope that it will be useful, but WITHOUT ANY WARRANTY; without even the implied       
       warranty of MERCHANTABILITY or FITNESS FOR A PARTICULAR PURPOSE. See the  GNU General Public License for more details.   
                                                                                                                                
       You should have received a copy of the GNU General Public License along with this program.                              
       If not, see <https://www.gnu.org/licenses/>.                                                                             
                                                                                                                                
       Original author:                                                                                                         
       Ali Parsai — https://www.parsai.net/                                                                                     
        
Source Path:  /mnt/d/Education/03- PhD/02- TCD/Code/MediumDarwin_private/tool paper/triangle-example/src/main/java
Target Path:  /mnt/d/Education/03- PhD/02- TCD/Code/MediumDarwin_private/tool paper/triangle-example/LittleDarwinResults
Creating Mutation Database:  /mnt/d/Education/03- PhD/02- TCD/Code/MediumDarwin_private/tool paper/triangle-example/LittleDarwinResults/mutationdatabase

(1/2) Source file:  /mnt/d/Education/03- PhD/02- TCD/Code/MediumDarwin_private/tool paper/triangle-example/src/main/java/com/example/Triangle.java
--> Mutations found:  42
----> ArithmeticOperatorReplacementBinary : 9
----> ConditionalOperatorReplacement : 7
----> NullifyReturnValue : 8
----> RelationalOperatorReplacement : 17
----> RemoveMethod : 1

(2/2) Source file:  /mnt/d/Education/03- PhD/02- TCD/Code/MediumDarwin_private/tool paper/triangle-example/src/main/java/com/example/TriangleType.java
--> Mutations found:  0

Total mutations found:  42
Total mutant found:  42
--> ArithmeticOperatorReplacementBinary: 9
--> ConditionalOperatorReplacement: 7
--> NullifyReturnValue: 8
--> RelationalOperatorReplacement: 17
--> RemoveMethod: 1
Cleanup MediumDarwin...
Restored /mnt/d/Education/03- PhD/02- TCD/Code/MediumDarwin_private/tool paper/triangle-example/src/main/java/com/example/Triangle.java
elapsed: 0:00:02
python3 ../littledarwin/LittleDarwin.py -m --all --build-command "mvn,compile" -t . -p ./src/main/java

    __     _  __   __   __       ____                          _
   / /    (_)/ /_ / /_ / /___   / __ \ ____ _ _____ _      __ (_)____
  / /    / // __// __// // _ \ / / / // __ `// ___/| | /| / // // __ \
 / /___ / // /_ / /_ / //  __// /_/ // /_/ // /    | |/ |/ // // / / /
/_____//_/ \__/ \__//_/ \___//_____/ \__,_//_/     |__/|__//_//_/ /_/

      _                     _                 ___
     /_|  /|/|  _/__/'     /_|   _ /   _ ' _ (_  _ _ _  _      _ /
    (  | /   |(//(///()/) (  |/)(/((/_) /_)  /  / (///)(-((/()/ /(
                                  /


    LittleDarwin version 0.10.9 Copyright (C) 2014-2022 Ali Parsai

    LittleDarwin comes with ABSOLUTELY NO WARRANTY.
    This is free software, and you are welcome to redistribute it
    under certain conditions; run LittleDarwin --license for details.


    
Source Path:  /mnt/d/Education/03- PhD/02- TCD/Code/MediumDarwin_private/tool paper/triangle-example/src/main/java
Target Path:  /mnt/d/Education/03- PhD/02- TCD/Code/MediumDarwin_private/tool paper/triangle-example/LittleDarwinResults
Creating Mutation Database:  /mnt/d/Education/03- PhD/02- TCD/Code/MediumDarwin_private/tool paper/triangle-example/LittleDarwinResults/mutationdatabase

(1/2) Source file:  /mnt/d/Education/03- PhD/02- TCD/Code/MediumDarwin_private/tool paper/triangle-example/src/main/java/com/example/Triangle.java
ANTLR runtime and generated code versions disagree: 4.10!=4.13.1
ANTLR runtime and generated code versions disagree: 4.10!=4.13.1
--> Mutations found:  42
----> RelationalOperatorReplacement : 17
----> NullifyReturnValue : 8
----> ConditionalOperatorReplacement : 7
----> ArithmeticOperatorReplacementBinary : 9
----> RemoveMethod : 1

(2/2) Source file:  /mnt/d/Education/03- PhD/02- TCD/Code/MediumDarwin_private/tool paper/triangle-example/src/main/java/com/example/TriangleType.java
ANTLR runtime and generated code versions disagree: 4.10!=4.13.1
ANTLR runtime and generated code versions disagree: 4.10!=4.13.1
--> Mutations found:  0

Total mutations found:  42
--> RelationalOperatorReplacement: 17
--> NullifyReturnValue: 8
--> ConditionalOperatorReplacement: 7
--> ArithmeticOperatorReplacementBinary: 9
--> RemoveMethod: 1

Comparing mutation operators: triangle-example -> operator_comparisons/triangle-example/
Extracted 42 mutants -> operator_comparisons/triangle-example/littledarwin.csv
Extracted 42 mutants -> operator_comparisons/triangle-example/mediumdarwin.csv
Comparison written to /mnt/d/Education/03- PhD/02- TCD/Code/MediumDarwin_private/tool paper/operator_comparisons/triangle-example
  Original (LD): 42
  MediumDarwin: 42
  Reduced: 0  Added: 0  delta: 0.00%
  (strict diff would show removed=10, added=10 — see strict_*.csv)
Mutant comparison for triangle-example:
  === Paper Table I (refined mutation operators) ===
  Original (LittleDarwin): 42
  MediumDarwin: 42
  Reduced: 0
  Added: 0
  delta_percent: 0.00
  check MD = Original - Reduced + Added: 42 (should equal 42)
  
  in_both_strict_match: 32
  ld_only_sites: 0
  md_only_sites: 0
  
    Reduced categories: (none)
    Reduced by operator: (none)
  
    Added categories: (none)
    Added by operator: (none)
  
  === Strict before/after diff (misleading for relational ops) ===
  strict_removed: 10
  strict_added: 10
    (LD uses '<'->'>='; MD uses '<'->'<=' — same site, not Reduced+Added)
  
  # Listing 1 examples:
  #   reduced_nullify_final_param_non_compilable -> MUT0 (final param nullify)
  #   added_remove_method_array_return -> MUT1 (array return RemoveMethod)
  Details: operator_comparisons/triangle-example/added_in_mediumdarwin.csv
           operator_comparisons/triangle-example/removed_in_mediumdarwin.csv
========== triangle-example finished at Tue May 19 17:47:18 JST 2026 ==========
========== triangle-example compare-only at Thu May 21 10:37:05 JST 2026 ==========

Comparing mutation operators: triangle-example -> operator_comparisons/triangle-example/
Extracted 42 mutants -> operator_comparisons/triangle-example/littledarwin.csv
Extracted 42 mutants -> operator_comparisons/triangle-example/mediumdarwin.csv
Comparison written to /mnt/d/Education/03- PhD/02- TCD/Code/MediumDarwin_private/tool paper/operator_comparisons/triangle-example
  Original (LD): 42
  MediumDarwin: 42
  Reduced: 0  Added: 0  delta: 0.00%
  (strict diff would show removed=10, added=10 — see strict_*.csv)
Mutant comparison for triangle-example:
  === Paper Table I (refined mutation operators) ===
  Original (LittleDarwin): 42
  MediumDarwin: 42
  Reduced: 0
  Added: 0
  delta_percent: 0.00
  check MD = Original - Reduced + Added: 42 (should equal 42)
  
  in_both_strict_match: 32
  ld_only_sites: 0
  md_only_sites: 0
  
    Reduced categories: (none)
    Reduced by operator: (none)
  
    Added categories: (none)
    Added by operator: (none)
  
  === Strict before/after diff (misleading for relational ops) ===
  strict_removed: 10
  strict_added: 10
    (LD uses '<'->'>='; MD uses '<'->'<=' — same site, not Reduced+Added)
  
  # Listing 1 examples:
  #   reduced_nullify_final_param_non_compilable -> MUT0 (final param nullify)
  #   added_remove_method_array_return -> MUT1 (array return RemoveMethod)
  Details: operator_comparisons/triangle-example/added_in_mediumdarwin.csv
           operator_comparisons/triangle-example/removed_in_mediumdarwin.csv
========== triangle-example compare finished at Thu May 21 10:37:08 JST 2026 ==========
